// Jest Snapshot v1, https://goo.gl/fbAQLP

exports[`matches snapshot 1`] = `
<DocumentFragment>
  <div
    class="Todobody"
  >
    <h1
      class="Todo-title"
    >
       TodoList 
    </h1>
    <div>
      <form>
        <label
          for="todo"
        >
           Todo 
        </label>
        <input
          id="todo"
          name="text"
          placeholder="Todo"
          type="text"
          value=""
        />
        <button
          type="submit"
        >
           Add Todo 
        </button>
      </form>
    </div>
    <div>
      <div>
        <h3>
            
        </h3>
        <button>
           Complete 
        </button>
      </div>
      <div>
        <h3>
            
        </h3>
        <button>
           Complete 
        </button>
      </div>
    </div>
  </div>
</DocumentFragment>
`;
